[1,0]<stdout>:expected : 1.000000
[1,0]<stdout>:calculated: 1.000000
