[1,0]<stdout>:Id 0: partitial sums 499999500000, 78124875000, 124999867659, 0
[1,0]<stdout>:Total sums: 499999500000, 499999500000, 499999500000, 499999500000
[1,1]<stdout>:Id 1: partitial sums 0, 109374875000, 125000005576, 111111222222
[1,2]<stdout>:Id 2: partitial sums 0, 140624875000, 124999667697, 166665833334
[1,3]<stdout>:Id 3: partitial sums 0, 171874875000, 124999959068, 222222444444
