[1,0]<stdout>:100 x 100 x 100 cells (mem 16.0 MB), running 50 iterations with 4 tasks (halo without corners)
[1,0]<stdout>:Residuum after  1 iters: 3088288.333333
[1,0]<stdout>:Residuum after 11 iters: 11612.580828
[1,0]<stdout>:Residuum after 21 iters: 3544.954272
[1,0]<stdout>:Residuum after 31 iters: 1925.258713
[1,0]<stdout>:Residuum after 41 iters: 1238.432564
[1,0]<stdout>:Global value sum after 50 iterations: 2192500.161333
