[1,0]<stdout>:Running 10 iterations, SpM side 3000 (~54.0 MB), 4 tasks
[1,0]<stdout>:Sum at iter  0: 4499999500.000000
[1,0]<stdout>:Sum at iter  1: 1349249.900000
[1,0]<stdout>:Sum at iter  2: 1070357.079436
[1,1]<stdout>:Sum at iter  3: 873736.122987
[1,1]<stdout>:Sum at iter  4: 734972.827951
[1,2]<stdout>:Sum at iter  5: 633134.811854
[1,2]<stdout>:Sum at iter  6: 555595.534507
[1,3]<stdout>:Sum at iter  7: 494724.663742
[1,3]<stdout>:Sum at iter  8: 445728.573675
[1,3]<stdout>:Sum at iter  9: 405469.656899
[1,3]<stdout>:Result sum: 405469.656899 (should be same as last iter sum)
[1,3]<stdout>:Input sum: 1.000000 (should be 1.0)
