Id 0: partitial sums 499999500000, 499999500000, 499999500000, 499999500000
Total sums: 499999500000, 499999500000, 499999500000, 499999500000
