Init Markov chain with 20 states, max fan-in 4
Run 10 iterations each.
Start with state 0 prob 1 ...
  result probs: p0 = 0.0147914, p1 = 0.0204482, p2 = 0.0329779, Sum: 1.000000
Start with state 1 prob 1 ...
  result probs: p0 = 0.0142901, p1 = 0.0208223, p2 = 0.0322696, Sum: 1.000000
Start with all probs equal ...
  result probs: p0 = 0.0145504, p1 = 0.0203129, p2 = 0.0327532, Sum: 1.000000
