Epoch 0 / Phase 0: Hello from process 0 of 2
Epoch 0 / Phase 0: Hello from process 1 of 2
Epoch 1 / Phase 1: Hello from process 0 of 2
Epoch 1 / Phase 1: Hello from process 1 of 2
