Phase 0, Epoch 0, Proc 0/2: sum of 5000 values at 0 - 4999 : 12497500
Phase 0, Epoch 0, Proc 1/2: sum of 5000 values at 5000 - 9999 : 37497500
Phase 0: total sum: 49995000
Phase 1, Epoch 1, Proc 0/2: sum of 5000 values at 0 - 4999 : 12497500
Phase 1, Epoch 1, Proc 1/2: sum of 5000 values at 5000 - 9999 : 37497500
Phase 1: total sum: 49995000
